{
  "login": "eyolas",
  "name": "David",
  "lastname": "Touzet"
}